[07/02/26 19:08:29] info     ================= cer started =================
[07/02/26 19:08:29] info     C:\Program Files\Autodesk\AutoCAD 2027\cer.dll, 7.2.4+20251128.8f05bb68.927
[07/02/26 19:08:29] info     Setting key SP/SDK_VERSION, value 7.2.4+20251128.8f05bb68.927 (maxCount 1)
[07/02/26 19:08:29] info     Setting key SP/PRODUCT_NAME_HASH, value f4bac121a1625586cb5b9106c8e839a7990f2b6c (maxCount 1)
[07/02/26 19:08:29] info     Setting key SP/RUNTIME_ARCH, value 1 (maxCount 1)
[07/02/26 19:08:29] info     Set senddmp exe path to C:\Program Files\Autodesk\AutoCAD 2027\CER\senddmp.exe
[07/02/26 19:08:29] info     The cer_service exe C:\Program Files\Autodesk\AutoCAD 2027\CER\service\cer_service.exe is not in folder C:\Program Files\Autodesk\AutoCAD 2027\CER\, it's not a sandbox
[07/02/26 19:08:29] info     Set upi exe path to C:\Program Files\Autodesk\AutoCAD 2027\CER\upi.exe
[07/02/26 19:08:29] info     launching C:\Program Files\Autodesk\AutoCAD 2027\CER\upi.exe --cmd=get-device-id C:\Users\USER\AppData\Local\Temp\15FCE767F24F74D1\Temp\upi_deviceid2
[07/02/26 19:08:29] info     Set deviceID2 to 599615233D45F7E16413AB02045D91D730CBDC33E5835A73D411FD33706A9107&D3502BD6D686D0BCF0045470CA846A8C7654E2F7CE8CF801EC5B5E75357EF23F&5D2D767AF3E60230F3CE8FD883E1E7A534FE15796DA74AECAFF4D78A4535FB19
[07/02/26 19:08:29] info     Setting key SP/DEVICEID2, value 599615233D45F7E16413AB02045D91D730CBDC33E5835A73D411FD33706A9107&D3502BD6D686D0BCF0045470CA846A8C7654E2F7CE8CF801EC5B5E75357EF23F&5D2D767AF3E60230F3CE8FD883E1E7A534FE15796DA74AECAFF4D78A4535FB19 (maxCount 1)
[07/02/26 19:08:29] info     Setting key SP/UUID, value f4bac121a1625586cb5b9106c8e839a7990f2b6c599615233D45F7E16413AB02045D91D730CBDC33E5835A73D411FD33706A9107&D3502BD6D686D0BCF0045470CA846A8C7654E2F7CE8CF801EC5B5E75357EF23F&5D2D767AF3E60230F3CE8FD883E1E7A534FE15796DA74AECAFF4D78A4535FB19 (maxCount 1)
[07/02/26 19:08:29] info     Set senddmp exe path to C:\Program Files\Autodesk\AutoCAD 2027\CER\senddmp.exe
[07/02/26 19:08:29] info     The cer_service exe C:\Program Files\Autodesk\AutoCAD 2027\CER\service\cer_service.exe is not in folder C:\Program Files\Autodesk\AutoCAD 2027\CER\, it's not a sandbox
[07/02/26 19:08:29] info     launching C:\Program Files\Autodesk\AutoCAD 2027\CER\upi.exe "C:\Program Files\Autodesk\AutoCAD 2027\C3D\en-US\UPI\upiconfig.xml" C:\Users\USER\AppData\Local\Temp\15FCE767F24F74D1\Temp\upi_info.xml
[07/02/26 19:08:29] info     Setting key SP/UPI_PRODUCT, value CIV3D (maxCount 1)
[07/02/26 19:08:29] info     Setting key SP/UPI_RELEASE, value 2027 (maxCount 1)
[07/02/26 19:08:29] info     Setting key SP/UPI_MASTER, value {28B89EEF-A100-0409-2102-CF3F3A09B77D} (maxCount 1)
[07/02/26 19:08:29] info     Setting key SP/UPI_BUILD, value 13.9.628.0 (maxCount 1)
[07/02/26 19:08:29] info     Setting key SP/UPI_FULL_XML, value <?xml version="1.0"?><upipackage><upivalue version="1.0" type="product" requestingapp="true"><level name="productline" id="CIV3D"><level name="release" id="2027"><level name="master" id="{28B89EEF-A100-0409-2102-CF3F3A09B77D}"><level name="build" id="13.9.628.0"/></level></level></level></upivalue>
<upivalue version="1.0" type="product"><level name="productline" id="ACD"><level name="release" id="2027"><level name="master" id="{28B89EEF-A101-0409-1102-CF3F3A09B77D}"><level name="build" id="26.0.60.0.0"/></level></level></level></upivalue>
<upivalue version="1.0" type="product"><level name="productline" id="ARCHDESK"><level name="release" id="2027"><level name="master" id="{28B89EEE-A104-0000-5102-CF3F3A09B77D}"><level name="build" id="8.9.51.0"/></level></level></level></upivalue>
<upivalue version="1.0" type="product"><level name="productline" id="ARCHDESK"><level name="release" id="2027"><level name="master" id="{28B89EEF-A104-0409-4102-CF3F3A09B77D}"><level name="build" id="8.9.51.0"/></level></level></level></upivalue>
<upivalue version="1.0" type="product"><level name="productline" id="ACD"><level name="release" id="2027"><level name="master" id="{28B89EEF-A101-0000-0102-CF3F3A09B77D}"><level name="build" id="26.0.60.0.0"/></level></level></level></upivalue>
<upivalue version="1.0" type="product"><level name="productline" id="VEHTRK"><level name="release" id="2027"><level name="master" id="{1F998EA5-D0D7-4D77-AF61-65828DBEE474}"><level name="build" id="27.0.0.2932"/></level></level></level></upivalue>
<upivalue version="1.0" type="product"><level name="productline" id="ARCHDESK"><level name="release" id="2027"><level name="master" id="{28B89EEF-A104-0000-4102-CF3F3A09B77D}"><level name="build" id="8.9.51.0"/></level></level></level></upivalue>
</upipackage> (maxCount 1)
[07/02/26 19:08:29] info     set legacy options: /APPXML "<AppInformation name=\"Autodesk Civil 3D 2027\" version=\"13.9.628.0\" />"
[07/02/26 19:08:29] info     Setting key RP/AppXML, value <AppInformation name="Autodesk Civil 3D 2027" version="13.9.628.0" /> (maxCount 100)
[07/02/26 19:08:29] info     Setting key RP/CadSettingsRegPath, value Software\Autodesk\AutoCAD\R26.0\ACAD-A100:409\CadManagerControl\CustomerErrorReport (maxCount 1)
[07/02/26 19:08:29] info     Setting key RP/AppLocaleId, value 1033 (maxCount 1)
[07/02/26 19:08:29] info     Setting key RP/AppXML, value <ProductInformation name ="AutoCAD" build_version="X.60.0.0(x64)" registry_version="26.0" install_id_string="15FCE767F24F74D1" registry_localeID="1033" git_commit_id="90c984aa66a571142ee0757584bac517eec2175a" /> (maxCount 100)
[07/02/26 19:08:29] info     Setting key SP/THEME_TYPE, value Blue (maxCount 1)
[07/02/26 19:08:29] info     Setting key SP/EXCEPTION_INFO_POINTER, value 140725672969496 (maxCount 1)
[07/02/26 19:08:29] info     Setting key SP/THREAD_ID, value 4294967295 (maxCount 1)
[07/02/26 19:08:29] info     Get key SP/THREAD_ID, index 0: "4294967295"
[07/02/26 19:08:29] info     Setting key SP/WER, value 0 (maxCount 1)
[07/02/26 19:08:29] info     Get key SP/WER, index 0: "0"
[07/02/26 19:08:29] info     Registered C:\Program Files\Autodesk\AutoCAD 2027\cer.dll as WER runtime exception module
[07/02/26 19:08:29] info     Current ErrorMode is 32769
[07/02/26 19:08:29] debug    Receiver ping: pong
